I'm sorry, but errors were detected in your script. Please correct the
errors listed below, and try again.


File "game/rpy/scripting/custom_functions.rpy", line 3: expected an indented block
    global hunger_food_points, happiness_points, fitness_points
     ^

Ren'Py Version: Ren'Py 8.1.3.23091805
Sat Jan 27 14:32:30 2024
